C:\ra127-2014\lprs2\xps\implementation\system.ngc 1490946561
C:/ra127-2014/lprs2/xps/implementation/system_dip_switches_wrapper.ngc 1490946520
C:/ra127-2014/lprs2/xps/implementation/system_my_peripheral_0_wrapper.ngc 1490946544
C:/ra127-2014/lprs2/xps/implementation/system_rs232_wrapper.ngc 1490946520
C:/ra127-2014/lprs2/xps/implementation/system_proc_sys_reset_0_wrapper.ngc 1490946519
C:/ra127-2014/lprs2/xps/implementation/system_clock_generator_0_wrapper.ngc 1490946547
C:/ra127-2014/lprs2/xps/implementation/system_microblaze_0_ilmb_wrapper.ngc 1490946519
C:/ra127-2014/lprs2/xps/implementation/system_microblaze_0_dlmb_wrapper.ngc 1490946520
C:/ra127-2014/lprs2/xps/implementation/system_axi4lite_0_wrapper.ngc 1490946550
C:/ra127-2014/lprs2/xps/implementation/system_microblaze_0_wrapper.ngc 1490946520
C:/ra127-2014/lprs2/xps/implementation/system_microblaze_0_i_bram_ctrl_wrapper.ngc 1490946520
C:/ra127-2014/lprs2/xps/implementation/system_microblaze_0_d_bram_ctrl_wrapper.ngc 1490946520
C:/ra127-2014/lprs2/xps/implementation/system_debug_module_wrapper.ngc 1490946520
C:/ra127-2014/lprs2/xps/implementation/system_microblaze_0_bram_block_wrapper.ngc 1490946520
OK
